{"id":"corrections/verify-before-claiming-done","topic":"corrections","title":"verify before claiming done","at":1788998000,"seq":170,"promoted_at":1788998500,"promote_why":"holds on every machine","promote_target":"gtmux playbook","kind":"judgment","kind_assumed":true,"provenance":"correction","hits":1,"body":"\"Did you even run it\" — run what the change puts on screen."}
