{"id":"pitfalls/wrangler-tls-resets","topic":"pitfalls","title":"wrangler TLS-resets from the office network","at":1788992000,"seq":110,"pane":"%21","capture":"pitfalls/wrangler-tls","promoted_at":1788998800,"promote_why":"every office user hits it","promote_target":"docs/design/remote-access-tunnel.md","landed_at":1788999000,"landed_ref":"PR #1","kind":"pitfalls","kind_assumed":true,"provenance":"capture","hits":1,"body":"Retry once. Root cause is the corporate proxy.\n\n同族 [[best-practices/retry-idempotent-calls]]."}
