[{"id":"golden-pitfalls-wrangler-tls","digest":"95701e6c95c661c1d57b0483e310e4c9223a14b681fb5839aab1e63d325370c2","at":1788999100,"topic":"pitfalls","key":"pitfalls/wrangler-tls","lesson":"wrangler needs a retry (again)","pane":"%30","seq":195},{"id":"golden-corrections-mined-abc123def456","digest":"85d2885f84113c02ec00603cf9af618e91994003fd5baa046409e6158d9d5a8c","at":1788999200,"topic":"corrections","key":"corrections/mined-abc123def456","lesson":"这个不对，重新做","seq":196,"source":"transcript","context":"…moved the toggle and shipped it.","session":"s1","project":"demo"},{"id":"golden-pitfalls-mined-bash-wrangler-command-not","digest":"4db1f32dfbde6398f767f4abee04e08fb3597343b4212b1f5f769a7ebab7d59c","at":1788999300,"topic":"pitfalls","key":"pitfalls/mined-bash-wrangler-command-not","lesson":"bash: wrangler: command not found (×5, 3 sessions)","seq":197,"source":"transcript","count":5}]
