[{"at":1788999100,"topic":"pitfalls","key":"pitfalls/wrangler-tls","lesson":"wrangler needs a retry (again)","pane":"%30","seq":195},{"at":1788999200,"topic":"corrections","key":"corrections/mined-abc123def456","lesson":"这个不对，重新做","seq":196,"source":"transcript","context":"…moved the toggle and shipped it.","session":"s1","project":"demo"},{"at":1788999300,"topic":"pitfalls","key":"pitfalls/mined-bash-wrangler-command-not","lesson":"bash: wrangler: command not found (×5, 3 sessions)","seq":197,"source":"transcript","count":5}]
